ARM GAS  C:\Users\ADMINI~1\AppData\Local\Temp\ccYz820e.s 			page 1


   1              		.cpu cortex-m0
   2              		.fpu softvfp
   3              		.eabi_attribute 20, 1
   4              		.eabi_attribute 21, 1
   5              		.eabi_attribute 23, 3
   6              		.eabi_attribute 24, 1
   7              		.eabi_attribute 25, 1
   8              		.eabi_attribute 26, 1
   9              		.eabi_attribute 30, 6
  10              		.eabi_attribute 34, 0
  11              		.eabi_attribute 18, 4
  12              		.code	16
  13              		.file	"Status_Reg_1.c"
  14              		.text
  15              	.Ltext0:
  16              		.cfi_sections	.debug_frame
  17              		.section	.text.Status_Reg_1_Read,"ax",%progbits
  18              		.align	2
  19              		.global	Status_Reg_1_Read
  20              		.code	16
  21              		.thumb_func
  22              		.type	Status_Reg_1_Read, %function
  23              	Status_Reg_1_Read:
  24              	.LFB2:
  25              		.file 1 ".\\Generated_Source\\PSoC4\\Status_Reg_1.c"
   1:.\Generated_Source\PSoC4/Status_Reg_1.c **** /*******************************************************************************
   2:.\Generated_Source\PSoC4/Status_Reg_1.c **** * File Name: Status_Reg_1.c  
   3:.\Generated_Source\PSoC4/Status_Reg_1.c **** * Version 1.90
   4:.\Generated_Source\PSoC4/Status_Reg_1.c **** *
   5:.\Generated_Source\PSoC4/Status_Reg_1.c **** * Description:
   6:.\Generated_Source\PSoC4/Status_Reg_1.c **** *  This file contains API to enable firmware to read the value of a Status 
   7:.\Generated_Source\PSoC4/Status_Reg_1.c **** *  Register.
   8:.\Generated_Source\PSoC4/Status_Reg_1.c **** *
   9:.\Generated_Source\PSoC4/Status_Reg_1.c **** * Note:
  10:.\Generated_Source\PSoC4/Status_Reg_1.c **** *
  11:.\Generated_Source\PSoC4/Status_Reg_1.c **** ********************************************************************************
  12:.\Generated_Source\PSoC4/Status_Reg_1.c **** * Copyright 2008-2015, Cypress Semiconductor Corporation.  All rights reserved.
  13:.\Generated_Source\PSoC4/Status_Reg_1.c **** * You may use this file only in accordance with the license, terms, conditions, 
  14:.\Generated_Source\PSoC4/Status_Reg_1.c **** * disclaimers, and limitations in the end user license agreement accompanying 
  15:.\Generated_Source\PSoC4/Status_Reg_1.c **** * the software package with which this file was provided.
  16:.\Generated_Source\PSoC4/Status_Reg_1.c **** *******************************************************************************/
  17:.\Generated_Source\PSoC4/Status_Reg_1.c **** 
  18:.\Generated_Source\PSoC4/Status_Reg_1.c **** #include "Status_Reg_1.h"
  19:.\Generated_Source\PSoC4/Status_Reg_1.c **** 
  20:.\Generated_Source\PSoC4/Status_Reg_1.c **** #if !defined(Status_Reg_1_sts_sts_reg__REMOVED) /* Check for removal by optimization */
  21:.\Generated_Source\PSoC4/Status_Reg_1.c **** 
  22:.\Generated_Source\PSoC4/Status_Reg_1.c **** 
  23:.\Generated_Source\PSoC4/Status_Reg_1.c **** /*******************************************************************************
  24:.\Generated_Source\PSoC4/Status_Reg_1.c **** * Function Name: Status_Reg_1_Read
  25:.\Generated_Source\PSoC4/Status_Reg_1.c **** ********************************************************************************
  26:.\Generated_Source\PSoC4/Status_Reg_1.c **** *
  27:.\Generated_Source\PSoC4/Status_Reg_1.c **** * Summary:
  28:.\Generated_Source\PSoC4/Status_Reg_1.c **** *  Reads the current value assigned to the Status Register.
  29:.\Generated_Source\PSoC4/Status_Reg_1.c **** *
  30:.\Generated_Source\PSoC4/Status_Reg_1.c **** * Parameters:
  31:.\Generated_Source\PSoC4/Status_Reg_1.c **** *  None.
  32:.\Generated_Source\PSoC4/Status_Reg_1.c **** *
ARM GAS  C:\Users\ADMINI~1\AppData\Local\Temp\ccYz820e.s 			page 2


  33:.\Generated_Source\PSoC4/Status_Reg_1.c **** * Return:
  34:.\Generated_Source\PSoC4/Status_Reg_1.c **** *  The current value in the Status Register.
  35:.\Generated_Source\PSoC4/Status_Reg_1.c **** *
  36:.\Generated_Source\PSoC4/Status_Reg_1.c **** *******************************************************************************/
  37:.\Generated_Source\PSoC4/Status_Reg_1.c **** uint8 Status_Reg_1_Read(void) 
  38:.\Generated_Source\PSoC4/Status_Reg_1.c **** { 
  26              		.loc 1 38 0
  27              		.cfi_startproc
  28 0000 80B5     		push	{r7, lr}
  29              		.cfi_def_cfa_offset 8
  30              		.cfi_offset 7, -8
  31              		.cfi_offset 14, -4
  32 0002 00AF     		add	r7, sp, #0
  33              		.cfi_def_cfa_register 7
  39:.\Generated_Source\PSoC4/Status_Reg_1.c ****     return Status_Reg_1_Status;
  34              		.loc 1 39 0
  35 0004 024B     		ldr	r3, .L3
  36 0006 1B78     		ldrb	r3, [r3]
  37 0008 DBB2     		uxtb	r3, r3
  40:.\Generated_Source\PSoC4/Status_Reg_1.c **** }
  38              		.loc 1 40 0
  39 000a 181C     		mov	r0, r3
  40 000c BD46     		mov	sp, r7
  41              		@ sp needed
  42 000e 80BD     		pop	{r7, pc}
  43              	.L4:
  44              		.align	2
  45              	.L3:
  46 0010 61000F40 		.word	1074724961
  47              		.cfi_endproc
  48              	.LFE2:
  49              		.size	Status_Reg_1_Read, .-Status_Reg_1_Read
  50              		.section	.text.Status_Reg_1_InterruptEnable,"ax",%progbits
  51              		.align	2
  52              		.global	Status_Reg_1_InterruptEnable
  53              		.code	16
  54              		.thumb_func
  55              		.type	Status_Reg_1_InterruptEnable, %function
  56              	Status_Reg_1_InterruptEnable:
  57              	.LFB3:
  41:.\Generated_Source\PSoC4/Status_Reg_1.c **** 
  42:.\Generated_Source\PSoC4/Status_Reg_1.c **** 
  43:.\Generated_Source\PSoC4/Status_Reg_1.c **** /*******************************************************************************
  44:.\Generated_Source\PSoC4/Status_Reg_1.c **** * Function Name: Status_Reg_1_InterruptEnable
  45:.\Generated_Source\PSoC4/Status_Reg_1.c **** ********************************************************************************
  46:.\Generated_Source\PSoC4/Status_Reg_1.c **** *
  47:.\Generated_Source\PSoC4/Status_Reg_1.c **** * Summary:
  48:.\Generated_Source\PSoC4/Status_Reg_1.c **** *  Enables the Status Register interrupt.
  49:.\Generated_Source\PSoC4/Status_Reg_1.c **** *
  50:.\Generated_Source\PSoC4/Status_Reg_1.c **** * Parameters:
  51:.\Generated_Source\PSoC4/Status_Reg_1.c **** *  None.
  52:.\Generated_Source\PSoC4/Status_Reg_1.c **** *
  53:.\Generated_Source\PSoC4/Status_Reg_1.c **** * Return:
  54:.\Generated_Source\PSoC4/Status_Reg_1.c **** *  None.
  55:.\Generated_Source\PSoC4/Status_Reg_1.c **** *
  56:.\Generated_Source\PSoC4/Status_Reg_1.c **** *******************************************************************************/
  57:.\Generated_Source\PSoC4/Status_Reg_1.c **** void Status_Reg_1_InterruptEnable(void) 
ARM GAS  C:\Users\ADMINI~1\AppData\Local\Temp\ccYz820e.s 			page 3


  58:.\Generated_Source\PSoC4/Status_Reg_1.c **** {
  58              		.loc 1 58 0
  59              		.cfi_startproc
  60 0000 90B5     		push	{r4, r7, lr}
  61              		.cfi_def_cfa_offset 12
  62              		.cfi_offset 4, -12
  63              		.cfi_offset 7, -8
  64              		.cfi_offset 14, -4
  65 0002 83B0     		sub	sp, sp, #12
  66              		.cfi_def_cfa_offset 24
  67 0004 00AF     		add	r7, sp, #0
  68              		.cfi_def_cfa_register 7
  59:.\Generated_Source\PSoC4/Status_Reg_1.c ****     uint8 interruptState;
  60:.\Generated_Source\PSoC4/Status_Reg_1.c ****     interruptState = CyEnterCriticalSection();
  69              		.loc 1 60 0
  70 0006 FC1D     		add	r4, r7, #7
  71 0008 FFF7FEFF 		bl	CyEnterCriticalSection
  72 000c 031C     		mov	r3, r0
  73 000e 2370     		strb	r3, [r4]
  61:.\Generated_Source\PSoC4/Status_Reg_1.c ****     Status_Reg_1_Status_Aux_Ctrl |= Status_Reg_1_STATUS_INTR_ENBL;
  74              		.loc 1 61 0
  75 0010 074A     		ldr	r2, .L6
  76 0012 074B     		ldr	r3, .L6
  77 0014 1B78     		ldrb	r3, [r3]
  78 0016 DBB2     		uxtb	r3, r3
  79 0018 1021     		mov	r1, #16
  80 001a 0B43     		orr	r3, r1
  81 001c DBB2     		uxtb	r3, r3
  82 001e 1370     		strb	r3, [r2]
  62:.\Generated_Source\PSoC4/Status_Reg_1.c ****     CyExitCriticalSection(interruptState);
  83              		.loc 1 62 0
  84 0020 FB1D     		add	r3, r7, #7
  85 0022 1B78     		ldrb	r3, [r3]
  86 0024 181C     		mov	r0, r3
  87 0026 FFF7FEFF 		bl	CyExitCriticalSection
  63:.\Generated_Source\PSoC4/Status_Reg_1.c **** }
  88              		.loc 1 63 0
  89 002a BD46     		mov	sp, r7
  90 002c 03B0     		add	sp, sp, #12
  91              		@ sp needed
  92 002e 90BD     		pop	{r4, r7, pc}
  93              	.L7:
  94              		.align	2
  95              	.L6:
  96 0030 91000F40 		.word	1074725009
  97              		.cfi_endproc
  98              	.LFE3:
  99              		.size	Status_Reg_1_InterruptEnable, .-Status_Reg_1_InterruptEnable
 100              		.section	.text.Status_Reg_1_InterruptDisable,"ax",%progbits
 101              		.align	2
 102              		.global	Status_Reg_1_InterruptDisable
 103              		.code	16
 104              		.thumb_func
 105              		.type	Status_Reg_1_InterruptDisable, %function
 106              	Status_Reg_1_InterruptDisable:
 107              	.LFB4:
  64:.\Generated_Source\PSoC4/Status_Reg_1.c **** 
ARM GAS  C:\Users\ADMINI~1\AppData\Local\Temp\ccYz820e.s 			page 4


  65:.\Generated_Source\PSoC4/Status_Reg_1.c **** 
  66:.\Generated_Source\PSoC4/Status_Reg_1.c **** /*******************************************************************************
  67:.\Generated_Source\PSoC4/Status_Reg_1.c **** * Function Name: Status_Reg_1_InterruptDisable
  68:.\Generated_Source\PSoC4/Status_Reg_1.c **** ********************************************************************************
  69:.\Generated_Source\PSoC4/Status_Reg_1.c **** *
  70:.\Generated_Source\PSoC4/Status_Reg_1.c **** * Summary:
  71:.\Generated_Source\PSoC4/Status_Reg_1.c **** *  Disables the Status Register interrupt.
  72:.\Generated_Source\PSoC4/Status_Reg_1.c **** *
  73:.\Generated_Source\PSoC4/Status_Reg_1.c **** * Parameters:
  74:.\Generated_Source\PSoC4/Status_Reg_1.c **** *  None.
  75:.\Generated_Source\PSoC4/Status_Reg_1.c **** *
  76:.\Generated_Source\PSoC4/Status_Reg_1.c **** * Return:
  77:.\Generated_Source\PSoC4/Status_Reg_1.c **** *  None.
  78:.\Generated_Source\PSoC4/Status_Reg_1.c **** *
  79:.\Generated_Source\PSoC4/Status_Reg_1.c **** *******************************************************************************/
  80:.\Generated_Source\PSoC4/Status_Reg_1.c **** void Status_Reg_1_InterruptDisable(void) 
  81:.\Generated_Source\PSoC4/Status_Reg_1.c **** {
 108              		.loc 1 81 0
 109              		.cfi_startproc
 110 0000 90B5     		push	{r4, r7, lr}
 111              		.cfi_def_cfa_offset 12
 112              		.cfi_offset 4, -12
 113              		.cfi_offset 7, -8
 114              		.cfi_offset 14, -4
 115 0002 83B0     		sub	sp, sp, #12
 116              		.cfi_def_cfa_offset 24
 117 0004 00AF     		add	r7, sp, #0
 118              		.cfi_def_cfa_register 7
  82:.\Generated_Source\PSoC4/Status_Reg_1.c ****     uint8 interruptState;
  83:.\Generated_Source\PSoC4/Status_Reg_1.c ****     interruptState = CyEnterCriticalSection();
 119              		.loc 1 83 0
 120 0006 FC1D     		add	r4, r7, #7
 121 0008 FFF7FEFF 		bl	CyEnterCriticalSection
 122 000c 031C     		mov	r3, r0
 123 000e 2370     		strb	r3, [r4]
  84:.\Generated_Source\PSoC4/Status_Reg_1.c ****     Status_Reg_1_Status_Aux_Ctrl &= (uint8)(~Status_Reg_1_STATUS_INTR_ENBL);
 124              		.loc 1 84 0
 125 0010 074A     		ldr	r2, .L9
 126 0012 074B     		ldr	r3, .L9
 127 0014 1B78     		ldrb	r3, [r3]
 128 0016 DBB2     		uxtb	r3, r3
 129 0018 1021     		mov	r1, #16
 130 001a 8B43     		bic	r3, r1
 131 001c DBB2     		uxtb	r3, r3
 132 001e 1370     		strb	r3, [r2]
  85:.\Generated_Source\PSoC4/Status_Reg_1.c ****     CyExitCriticalSection(interruptState);
 133              		.loc 1 85 0
 134 0020 FB1D     		add	r3, r7, #7
 135 0022 1B78     		ldrb	r3, [r3]
 136 0024 181C     		mov	r0, r3
 137 0026 FFF7FEFF 		bl	CyExitCriticalSection
  86:.\Generated_Source\PSoC4/Status_Reg_1.c **** }
 138              		.loc 1 86 0
 139 002a BD46     		mov	sp, r7
 140 002c 03B0     		add	sp, sp, #12
 141              		@ sp needed
 142 002e 90BD     		pop	{r4, r7, pc}
ARM GAS  C:\Users\ADMINI~1\AppData\Local\Temp\ccYz820e.s 			page 5


 143              	.L10:
 144              		.align	2
 145              	.L9:
 146 0030 91000F40 		.word	1074725009
 147              		.cfi_endproc
 148              	.LFE4:
 149              		.size	Status_Reg_1_InterruptDisable, .-Status_Reg_1_InterruptDisable
 150              		.section	.text.Status_Reg_1_WriteMask,"ax",%progbits
 151              		.align	2
 152              		.global	Status_Reg_1_WriteMask
 153              		.code	16
 154              		.thumb_func
 155              		.type	Status_Reg_1_WriteMask, %function
 156              	Status_Reg_1_WriteMask:
 157              	.LFB5:
  87:.\Generated_Source\PSoC4/Status_Reg_1.c **** 
  88:.\Generated_Source\PSoC4/Status_Reg_1.c **** 
  89:.\Generated_Source\PSoC4/Status_Reg_1.c **** /*******************************************************************************
  90:.\Generated_Source\PSoC4/Status_Reg_1.c **** * Function Name: Status_Reg_1_WriteMask
  91:.\Generated_Source\PSoC4/Status_Reg_1.c **** ********************************************************************************
  92:.\Generated_Source\PSoC4/Status_Reg_1.c **** *
  93:.\Generated_Source\PSoC4/Status_Reg_1.c **** * Summary:
  94:.\Generated_Source\PSoC4/Status_Reg_1.c **** *  Writes the current mask value assigned to the Status Register.
  95:.\Generated_Source\PSoC4/Status_Reg_1.c **** *
  96:.\Generated_Source\PSoC4/Status_Reg_1.c **** * Parameters:
  97:.\Generated_Source\PSoC4/Status_Reg_1.c **** *  mask:  Value to write into the mask register.
  98:.\Generated_Source\PSoC4/Status_Reg_1.c **** *
  99:.\Generated_Source\PSoC4/Status_Reg_1.c **** * Return:
 100:.\Generated_Source\PSoC4/Status_Reg_1.c **** *  None.
 101:.\Generated_Source\PSoC4/Status_Reg_1.c **** *
 102:.\Generated_Source\PSoC4/Status_Reg_1.c **** *******************************************************************************/
 103:.\Generated_Source\PSoC4/Status_Reg_1.c **** void Status_Reg_1_WriteMask(uint8 mask) 
 104:.\Generated_Source\PSoC4/Status_Reg_1.c **** {
 158              		.loc 1 104 0
 159              		.cfi_startproc
 160 0000 80B5     		push	{r7, lr}
 161              		.cfi_def_cfa_offset 8
 162              		.cfi_offset 7, -8
 163              		.cfi_offset 14, -4
 164 0002 82B0     		sub	sp, sp, #8
 165              		.cfi_def_cfa_offset 16
 166 0004 00AF     		add	r7, sp, #0
 167              		.cfi_def_cfa_register 7
 168 0006 021C     		mov	r2, r0
 169 0008 FB1D     		add	r3, r7, #7
 170 000a 1A70     		strb	r2, [r3]
 105:.\Generated_Source\PSoC4/Status_Reg_1.c ****     #if(Status_Reg_1_INPUTS < 8u)
 106:.\Generated_Source\PSoC4/Status_Reg_1.c ****     	mask &= ((uint8)(1u << Status_Reg_1_INPUTS) - 1u);
 171              		.loc 1 106 0
 172 000c FB1D     		add	r3, r7, #7
 173 000e FA1D     		add	r2, r7, #7
 174 0010 1278     		ldrb	r2, [r2]
 175 0012 0F21     		mov	r1, #15
 176 0014 0A40     		and	r2, r1
 177 0016 1A70     		strb	r2, [r3]
 107:.\Generated_Source\PSoC4/Status_Reg_1.c **** 	#endif /* End Status_Reg_1_INPUTS < 8u */
 108:.\Generated_Source\PSoC4/Status_Reg_1.c ****     Status_Reg_1_Status_Mask = mask;
ARM GAS  C:\Users\ADMINI~1\AppData\Local\Temp\ccYz820e.s 			page 6


 178              		.loc 1 108 0
 179 0018 034A     		ldr	r2, .L12
 180 001a FB1D     		add	r3, r7, #7
 181 001c 1B78     		ldrb	r3, [r3]
 182 001e 1370     		strb	r3, [r2]
 109:.\Generated_Source\PSoC4/Status_Reg_1.c **** }
 183              		.loc 1 109 0
 184 0020 BD46     		mov	sp, r7
 185 0022 02B0     		add	sp, sp, #8
 186              		@ sp needed
 187 0024 80BD     		pop	{r7, pc}
 188              	.L13:
 189 0026 C046     		.align	2
 190              	.L12:
 191 0028 81000F40 		.word	1074724993
 192              		.cfi_endproc
 193              	.LFE5:
 194              		.size	Status_Reg_1_WriteMask, .-Status_Reg_1_WriteMask
 195              		.section	.text.Status_Reg_1_ReadMask,"ax",%progbits
 196              		.align	2
 197              		.global	Status_Reg_1_ReadMask
 198              		.code	16
 199              		.thumb_func
 200              		.type	Status_Reg_1_ReadMask, %function
 201              	Status_Reg_1_ReadMask:
 202              	.LFB6:
 110:.\Generated_Source\PSoC4/Status_Reg_1.c **** 
 111:.\Generated_Source\PSoC4/Status_Reg_1.c **** 
 112:.\Generated_Source\PSoC4/Status_Reg_1.c **** /*******************************************************************************
 113:.\Generated_Source\PSoC4/Status_Reg_1.c **** * Function Name: Status_Reg_1_ReadMask
 114:.\Generated_Source\PSoC4/Status_Reg_1.c **** ********************************************************************************
 115:.\Generated_Source\PSoC4/Status_Reg_1.c **** *
 116:.\Generated_Source\PSoC4/Status_Reg_1.c **** * Summary:
 117:.\Generated_Source\PSoC4/Status_Reg_1.c **** *  Reads the current interrupt mask assigned to the Status Register.
 118:.\Generated_Source\PSoC4/Status_Reg_1.c **** *
 119:.\Generated_Source\PSoC4/Status_Reg_1.c **** * Parameters:
 120:.\Generated_Source\PSoC4/Status_Reg_1.c **** *  None.
 121:.\Generated_Source\PSoC4/Status_Reg_1.c **** *
 122:.\Generated_Source\PSoC4/Status_Reg_1.c **** * Return:
 123:.\Generated_Source\PSoC4/Status_Reg_1.c **** *  The value of the interrupt mask of the Status Register.
 124:.\Generated_Source\PSoC4/Status_Reg_1.c **** *
 125:.\Generated_Source\PSoC4/Status_Reg_1.c **** *******************************************************************************/
 126:.\Generated_Source\PSoC4/Status_Reg_1.c **** uint8 Status_Reg_1_ReadMask(void) 
 127:.\Generated_Source\PSoC4/Status_Reg_1.c **** {
 203              		.loc 1 127 0
 204              		.cfi_startproc
 205 0000 80B5     		push	{r7, lr}
 206              		.cfi_def_cfa_offset 8
 207              		.cfi_offset 7, -8
 208              		.cfi_offset 14, -4
 209 0002 00AF     		add	r7, sp, #0
 210              		.cfi_def_cfa_register 7
 128:.\Generated_Source\PSoC4/Status_Reg_1.c ****     return Status_Reg_1_Status_Mask;
 211              		.loc 1 128 0
 212 0004 024B     		ldr	r3, .L16
 213 0006 1B78     		ldrb	r3, [r3]
 214 0008 DBB2     		uxtb	r3, r3
ARM GAS  C:\Users\ADMINI~1\AppData\Local\Temp\ccYz820e.s 			page 7


 129:.\Generated_Source\PSoC4/Status_Reg_1.c **** }
 215              		.loc 1 129 0
 216 000a 181C     		mov	r0, r3
 217 000c BD46     		mov	sp, r7
 218              		@ sp needed
 219 000e 80BD     		pop	{r7, pc}
 220              	.L17:
 221              		.align	2
 222              	.L16:
 223 0010 81000F40 		.word	1074724993
 224              		.cfi_endproc
 225              	.LFE6:
 226              		.size	Status_Reg_1_ReadMask, .-Status_Reg_1_ReadMask
 227              		.text
 228              	.Letext0:
 229              		.file 2 ".\\Generated_Source\\PSoC4\\cytypes.h"
 230              		.section	.debug_info,"",%progbits
 231              	.Ldebug_info0:
 232 0000 37010000 		.4byte	0x137
 233 0004 0400     		.2byte	0x4
 234 0006 00000000 		.4byte	.Ldebug_abbrev0
 235 000a 04       		.byte	0x4
 236 000b 01       		.uleb128 0x1
 237 000c 8A000000 		.4byte	.LASF21
 238 0010 01       		.byte	0x1
 239 0011 2F020000 		.4byte	.LASF22
 240 0015 82010000 		.4byte	.LASF23
 241 0019 00000000 		.4byte	.Ldebug_ranges0+0
 242 001d 00000000 		.4byte	0
 243 0021 00000000 		.4byte	.Ldebug_line0
 244 0025 02       		.uleb128 0x2
 245 0026 01       		.byte	0x1
 246 0027 06       		.byte	0x6
 247 0028 76010000 		.4byte	.LASF0
 248 002c 02       		.uleb128 0x2
 249 002d 01       		.byte	0x1
 250 002e 08       		.byte	0x8
 251 002f 18010000 		.4byte	.LASF1
 252 0033 02       		.uleb128 0x2
 253 0034 02       		.byte	0x2
 254 0035 05       		.byte	0x5
 255 0036 08020000 		.4byte	.LASF2
 256 003a 02       		.uleb128 0x2
 257 003b 02       		.byte	0x2
 258 003c 07       		.byte	0x7
 259 003d 0E000000 		.4byte	.LASF3
 260 0041 02       		.uleb128 0x2
 261 0042 04       		.byte	0x4
 262 0043 05       		.byte	0x5
 263 0044 49010000 		.4byte	.LASF4
 264 0048 02       		.uleb128 0x2
 265 0049 04       		.byte	0x4
 266 004a 07       		.byte	0x7
 267 004b 5C000000 		.4byte	.LASF5
 268 004f 02       		.uleb128 0x2
 269 0050 08       		.byte	0x8
 270 0051 05       		.byte	0x5
ARM GAS  C:\Users\ADMINI~1\AppData\Local\Temp\ccYz820e.s 			page 8


 271 0052 00000000 		.4byte	.LASF6
 272 0056 02       		.uleb128 0x2
 273 0057 08       		.byte	0x8
 274 0058 07       		.byte	0x7
 275 0059 6E000000 		.4byte	.LASF7
 276 005d 03       		.uleb128 0x3
 277 005e 04       		.byte	0x4
 278 005f 05       		.byte	0x5
 279 0060 696E7400 		.ascii	"int\000"
 280 0064 02       		.uleb128 0x2
 281 0065 04       		.byte	0x4
 282 0066 07       		.byte	0x7
 283 0067 21000000 		.4byte	.LASF8
 284 006b 04       		.uleb128 0x4
 285 006c 56000000 		.4byte	.LASF12
 286 0070 02       		.byte	0x2
 287 0071 3801     		.2byte	0x138
 288 0073 2C000000 		.4byte	0x2c
 289 0077 02       		.uleb128 0x2
 290 0078 04       		.byte	0x4
 291 0079 04       		.byte	0x4
 292 007a EB010000 		.4byte	.LASF9
 293 007e 02       		.uleb128 0x2
 294 007f 08       		.byte	0x8
 295 0080 04       		.byte	0x4
 296 0081 52010000 		.4byte	.LASF10
 297 0085 02       		.uleb128 0x2
 298 0086 01       		.byte	0x1
 299 0087 08       		.byte	0x8
 300 0088 44010000 		.4byte	.LASF11
 301 008c 04       		.uleb128 0x4
 302 008d 12020000 		.4byte	.LASF13
 303 0091 02       		.byte	0x2
 304 0092 E201     		.2byte	0x1e2
 305 0094 98000000 		.4byte	0x98
 306 0098 05       		.uleb128 0x5
 307 0099 6B000000 		.4byte	0x6b
 308 009d 02       		.uleb128 0x2
 309 009e 04       		.byte	0x4
 310 009f 07       		.byte	0x7
 311 00a0 17020000 		.4byte	.LASF14
 312 00a4 06       		.uleb128 0x6
 313 00a5 44000000 		.4byte	.LASF19
 314 00a9 01       		.byte	0x1
 315 00aa 25       		.byte	0x25
 316 00ab 6B000000 		.4byte	0x6b
 317 00af 00000000 		.4byte	.LFB2
 318 00b3 14000000 		.4byte	.LFE2-.LFB2
 319 00b7 01       		.uleb128 0x1
 320 00b8 9C       		.byte	0x9c
 321 00b9 07       		.uleb128 0x7
 322 00ba 59010000 		.4byte	.LASF15
 323 00be 01       		.byte	0x1
 324 00bf 39       		.byte	0x39
 325 00c0 00000000 		.4byte	.LFB3
 326 00c4 34000000 		.4byte	.LFE3-.LFB3
 327 00c8 01       		.uleb128 0x1
ARM GAS  C:\Users\ADMINI~1\AppData\Local\Temp\ccYz820e.s 			page 9


 328 00c9 9C       		.byte	0x9c
 329 00ca DD000000 		.4byte	0xdd
 330 00ce 08       		.uleb128 0x8
 331 00cf 20020000 		.4byte	.LASF17
 332 00d3 01       		.byte	0x1
 333 00d4 3B       		.byte	0x3b
 334 00d5 6B000000 		.4byte	0x6b
 335 00d9 02       		.uleb128 0x2
 336 00da 91       		.byte	0x91
 337 00db 6F       		.sleb128 -17
 338 00dc 00       		.byte	0
 339 00dd 07       		.uleb128 0x7
 340 00de 26010000 		.4byte	.LASF16
 341 00e2 01       		.byte	0x1
 342 00e3 50       		.byte	0x50
 343 00e4 00000000 		.4byte	.LFB4
 344 00e8 34000000 		.4byte	.LFE4-.LFB4
 345 00ec 01       		.uleb128 0x1
 346 00ed 9C       		.byte	0x9c
 347 00ee 01010000 		.4byte	0x101
 348 00f2 08       		.uleb128 0x8
 349 00f3 20020000 		.4byte	.LASF17
 350 00f7 01       		.byte	0x1
 351 00f8 52       		.byte	0x52
 352 00f9 6B000000 		.4byte	0x6b
 353 00fd 02       		.uleb128 0x2
 354 00fe 91       		.byte	0x91
 355 00ff 6F       		.sleb128 -17
 356 0100 00       		.byte	0
 357 0101 09       		.uleb128 0x9
 358 0102 F1010000 		.4byte	.LASF18
 359 0106 01       		.byte	0x1
 360 0107 67       		.byte	0x67
 361 0108 00000000 		.4byte	.LFB5
 362 010c 2C000000 		.4byte	.LFE5-.LFB5
 363 0110 01       		.uleb128 0x1
 364 0111 9C       		.byte	0x9c
 365 0112 25010000 		.4byte	0x125
 366 0116 0A       		.uleb128 0xa
 367 0117 85000000 		.4byte	.LASF24
 368 011b 01       		.byte	0x1
 369 011c 67       		.byte	0x67
 370 011d 6B000000 		.4byte	0x6b
 371 0121 02       		.uleb128 0x2
 372 0122 91       		.byte	0x91
 373 0123 77       		.sleb128 -9
 374 0124 00       		.byte	0
 375 0125 06       		.uleb128 0x6
 376 0126 2E000000 		.4byte	.LASF20
 377 012a 01       		.byte	0x1
 378 012b 7E       		.byte	0x7e
 379 012c 6B000000 		.4byte	0x6b
 380 0130 00000000 		.4byte	.LFB6
 381 0134 14000000 		.4byte	.LFE6-.LFB6
 382 0138 01       		.uleb128 0x1
 383 0139 9C       		.byte	0x9c
 384 013a 00       		.byte	0
ARM GAS  C:\Users\ADMINI~1\AppData\Local\Temp\ccYz820e.s 			page 10


 385              		.section	.debug_abbrev,"",%progbits
 386              	.Ldebug_abbrev0:
 387 0000 01       		.uleb128 0x1
 388 0001 11       		.uleb128 0x11
 389 0002 01       		.byte	0x1
 390 0003 25       		.uleb128 0x25
 391 0004 0E       		.uleb128 0xe
 392 0005 13       		.uleb128 0x13
 393 0006 0B       		.uleb128 0xb
 394 0007 03       		.uleb128 0x3
 395 0008 0E       		.uleb128 0xe
 396 0009 1B       		.uleb128 0x1b
 397 000a 0E       		.uleb128 0xe
 398 000b 55       		.uleb128 0x55
 399 000c 17       		.uleb128 0x17
 400 000d 11       		.uleb128 0x11
 401 000e 01       		.uleb128 0x1
 402 000f 10       		.uleb128 0x10
 403 0010 17       		.uleb128 0x17
 404 0011 00       		.byte	0
 405 0012 00       		.byte	0
 406 0013 02       		.uleb128 0x2
 407 0014 24       		.uleb128 0x24
 408 0015 00       		.byte	0
 409 0016 0B       		.uleb128 0xb
 410 0017 0B       		.uleb128 0xb
 411 0018 3E       		.uleb128 0x3e
 412 0019 0B       		.uleb128 0xb
 413 001a 03       		.uleb128 0x3
 414 001b 0E       		.uleb128 0xe
 415 001c 00       		.byte	0
 416 001d 00       		.byte	0
 417 001e 03       		.uleb128 0x3
 418 001f 24       		.uleb128 0x24
 419 0020 00       		.byte	0
 420 0021 0B       		.uleb128 0xb
 421 0022 0B       		.uleb128 0xb
 422 0023 3E       		.uleb128 0x3e
 423 0024 0B       		.uleb128 0xb
 424 0025 03       		.uleb128 0x3
 425 0026 08       		.uleb128 0x8
 426 0027 00       		.byte	0
 427 0028 00       		.byte	0
 428 0029 04       		.uleb128 0x4
 429 002a 16       		.uleb128 0x16
 430 002b 00       		.byte	0
 431 002c 03       		.uleb128 0x3
 432 002d 0E       		.uleb128 0xe
 433 002e 3A       		.uleb128 0x3a
 434 002f 0B       		.uleb128 0xb
 435 0030 3B       		.uleb128 0x3b
 436 0031 05       		.uleb128 0x5
 437 0032 49       		.uleb128 0x49
 438 0033 13       		.uleb128 0x13
 439 0034 00       		.byte	0
 440 0035 00       		.byte	0
 441 0036 05       		.uleb128 0x5
ARM GAS  C:\Users\ADMINI~1\AppData\Local\Temp\ccYz820e.s 			page 11


 442 0037 35       		.uleb128 0x35
 443 0038 00       		.byte	0
 444 0039 49       		.uleb128 0x49
 445 003a 13       		.uleb128 0x13
 446 003b 00       		.byte	0
 447 003c 00       		.byte	0
 448 003d 06       		.uleb128 0x6
 449 003e 2E       		.uleb128 0x2e
 450 003f 00       		.byte	0
 451 0040 3F       		.uleb128 0x3f
 452 0041 19       		.uleb128 0x19
 453 0042 03       		.uleb128 0x3
 454 0043 0E       		.uleb128 0xe
 455 0044 3A       		.uleb128 0x3a
 456 0045 0B       		.uleb128 0xb
 457 0046 3B       		.uleb128 0x3b
 458 0047 0B       		.uleb128 0xb
 459 0048 27       		.uleb128 0x27
 460 0049 19       		.uleb128 0x19
 461 004a 49       		.uleb128 0x49
 462 004b 13       		.uleb128 0x13
 463 004c 11       		.uleb128 0x11
 464 004d 01       		.uleb128 0x1
 465 004e 12       		.uleb128 0x12
 466 004f 06       		.uleb128 0x6
 467 0050 40       		.uleb128 0x40
 468 0051 18       		.uleb128 0x18
 469 0052 9742     		.uleb128 0x2117
 470 0054 19       		.uleb128 0x19
 471 0055 00       		.byte	0
 472 0056 00       		.byte	0
 473 0057 07       		.uleb128 0x7
 474 0058 2E       		.uleb128 0x2e
 475 0059 01       		.byte	0x1
 476 005a 3F       		.uleb128 0x3f
 477 005b 19       		.uleb128 0x19
 478 005c 03       		.uleb128 0x3
 479 005d 0E       		.uleb128 0xe
 480 005e 3A       		.uleb128 0x3a
 481 005f 0B       		.uleb128 0xb
 482 0060 3B       		.uleb128 0x3b
 483 0061 0B       		.uleb128 0xb
 484 0062 27       		.uleb128 0x27
 485 0063 19       		.uleb128 0x19
 486 0064 11       		.uleb128 0x11
 487 0065 01       		.uleb128 0x1
 488 0066 12       		.uleb128 0x12
 489 0067 06       		.uleb128 0x6
 490 0068 40       		.uleb128 0x40
 491 0069 18       		.uleb128 0x18
 492 006a 9642     		.uleb128 0x2116
 493 006c 19       		.uleb128 0x19
 494 006d 01       		.uleb128 0x1
 495 006e 13       		.uleb128 0x13
 496 006f 00       		.byte	0
 497 0070 00       		.byte	0
 498 0071 08       		.uleb128 0x8
ARM GAS  C:\Users\ADMINI~1\AppData\Local\Temp\ccYz820e.s 			page 12


 499 0072 34       		.uleb128 0x34
 500 0073 00       		.byte	0
 501 0074 03       		.uleb128 0x3
 502 0075 0E       		.uleb128 0xe
 503 0076 3A       		.uleb128 0x3a
 504 0077 0B       		.uleb128 0xb
 505 0078 3B       		.uleb128 0x3b
 506 0079 0B       		.uleb128 0xb
 507 007a 49       		.uleb128 0x49
 508 007b 13       		.uleb128 0x13
 509 007c 02       		.uleb128 0x2
 510 007d 18       		.uleb128 0x18
 511 007e 00       		.byte	0
 512 007f 00       		.byte	0
 513 0080 09       		.uleb128 0x9
 514 0081 2E       		.uleb128 0x2e
 515 0082 01       		.byte	0x1
 516 0083 3F       		.uleb128 0x3f
 517 0084 19       		.uleb128 0x19
 518 0085 03       		.uleb128 0x3
 519 0086 0E       		.uleb128 0xe
 520 0087 3A       		.uleb128 0x3a
 521 0088 0B       		.uleb128 0xb
 522 0089 3B       		.uleb128 0x3b
 523 008a 0B       		.uleb128 0xb
 524 008b 27       		.uleb128 0x27
 525 008c 19       		.uleb128 0x19
 526 008d 11       		.uleb128 0x11
 527 008e 01       		.uleb128 0x1
 528 008f 12       		.uleb128 0x12
 529 0090 06       		.uleb128 0x6
 530 0091 40       		.uleb128 0x40
 531 0092 18       		.uleb128 0x18
 532 0093 9742     		.uleb128 0x2117
 533 0095 19       		.uleb128 0x19
 534 0096 01       		.uleb128 0x1
 535 0097 13       		.uleb128 0x13
 536 0098 00       		.byte	0
 537 0099 00       		.byte	0
 538 009a 0A       		.uleb128 0xa
 539 009b 05       		.uleb128 0x5
 540 009c 00       		.byte	0
 541 009d 03       		.uleb128 0x3
 542 009e 0E       		.uleb128 0xe
 543 009f 3A       		.uleb128 0x3a
 544 00a0 0B       		.uleb128 0xb
 545 00a1 3B       		.uleb128 0x3b
 546 00a2 0B       		.uleb128 0xb
 547 00a3 49       		.uleb128 0x49
 548 00a4 13       		.uleb128 0x13
 549 00a5 02       		.uleb128 0x2
 550 00a6 18       		.uleb128 0x18
 551 00a7 00       		.byte	0
 552 00a8 00       		.byte	0
 553 00a9 00       		.byte	0
 554              		.section	.debug_aranges,"",%progbits
 555 0000 3C000000 		.4byte	0x3c
ARM GAS  C:\Users\ADMINI~1\AppData\Local\Temp\ccYz820e.s 			page 13


 556 0004 0200     		.2byte	0x2
 557 0006 00000000 		.4byte	.Ldebug_info0
 558 000a 04       		.byte	0x4
 559 000b 00       		.byte	0
 560 000c 0000     		.2byte	0
 561 000e 0000     		.2byte	0
 562 0010 00000000 		.4byte	.LFB2
 563 0014 14000000 		.4byte	.LFE2-.LFB2
 564 0018 00000000 		.4byte	.LFB3
 565 001c 34000000 		.4byte	.LFE3-.LFB3
 566 0020 00000000 		.4byte	.LFB4
 567 0024 34000000 		.4byte	.LFE4-.LFB4
 568 0028 00000000 		.4byte	.LFB5
 569 002c 2C000000 		.4byte	.LFE5-.LFB5
 570 0030 00000000 		.4byte	.LFB6
 571 0034 14000000 		.4byte	.LFE6-.LFB6
 572 0038 00000000 		.4byte	0
 573 003c 00000000 		.4byte	0
 574              		.section	.debug_ranges,"",%progbits
 575              	.Ldebug_ranges0:
 576 0000 00000000 		.4byte	.LFB2
 577 0004 14000000 		.4byte	.LFE2
 578 0008 00000000 		.4byte	.LFB3
 579 000c 34000000 		.4byte	.LFE3
 580 0010 00000000 		.4byte	.LFB4
 581 0014 34000000 		.4byte	.LFE4
 582 0018 00000000 		.4byte	.LFB5
 583 001c 2C000000 		.4byte	.LFE5
 584 0020 00000000 		.4byte	.LFB6
 585 0024 14000000 		.4byte	.LFE6
 586 0028 00000000 		.4byte	0
 587 002c 00000000 		.4byte	0
 588              		.section	.debug_line,"",%progbits
 589              	.Ldebug_line0:
 590 0000 AE000000 		.section	.debug_str,"MS",%progbits,1
 590      02004B00 
 590      00000201 
 590      FB0E0D00 
 590      01010101 
 591              	.LASF6:
 592 0000 6C6F6E67 		.ascii	"long long int\000"
 592      206C6F6E 
 592      6720696E 
 592      7400
 593              	.LASF3:
 594 000e 73686F72 		.ascii	"short unsigned int\000"
 594      7420756E 
 594      7369676E 
 594      65642069 
 594      6E7400
 595              	.LASF8:
 596 0021 756E7369 		.ascii	"unsigned int\000"
 596      676E6564 
 596      20696E74 
 596      00
 597              	.LASF20:
 598 002e 53746174 		.ascii	"Status_Reg_1_ReadMask\000"
ARM GAS  C:\Users\ADMINI~1\AppData\Local\Temp\ccYz820e.s 			page 14


 598      75735F52 
 598      65675F31 
 598      5F526561 
 598      644D6173 
 599              	.LASF19:
 600 0044 53746174 		.ascii	"Status_Reg_1_Read\000"
 600      75735F52 
 600      65675F31 
 600      5F526561 
 600      6400
 601              	.LASF12:
 602 0056 75696E74 		.ascii	"uint8\000"
 602      3800
 603              	.LASF5:
 604 005c 6C6F6E67 		.ascii	"long unsigned int\000"
 604      20756E73 
 604      69676E65 
 604      6420696E 
 604      7400
 605              	.LASF7:
 606 006e 6C6F6E67 		.ascii	"long long unsigned int\000"
 606      206C6F6E 
 606      6720756E 
 606      7369676E 
 606      65642069 
 607              	.LASF24:
 608 0085 6D61736B 		.ascii	"mask\000"
 608      00
 609              	.LASF21:
 610 008a 474E5520 		.ascii	"GNU C 4.9.3 20150303 (release) [ARM/embedded-4_9-br"
 610      4320342E 
 610      392E3320 
 610      32303135 
 610      30333033 
 611 00bd 616E6368 		.ascii	"anch revision 221220] -mcpu=cortex-m0 -mthumb -g -O"
 611      20726576 
 611      6973696F 
 611      6E203232 
 611      31323230 
 612 00f0 30202D66 		.ascii	"0 -ffunction-sections -ffat-lto-objects\000"
 612      66756E63 
 612      74696F6E 
 612      2D736563 
 612      74696F6E 
 613              	.LASF1:
 614 0118 756E7369 		.ascii	"unsigned char\000"
 614      676E6564 
 614      20636861 
 614      7200
 615              	.LASF16:
 616 0126 53746174 		.ascii	"Status_Reg_1_InterruptDisable\000"
 616      75735F52 
 616      65675F31 
 616      5F496E74 
 616      65727275 
 617              	.LASF11:
 618 0144 63686172 		.ascii	"char\000"
ARM GAS  C:\Users\ADMINI~1\AppData\Local\Temp\ccYz820e.s 			page 15


 618      00
 619              	.LASF4:
 620 0149 6C6F6E67 		.ascii	"long int\000"
 620      20696E74 
 620      00
 621              	.LASF10:
 622 0152 646F7562 		.ascii	"double\000"
 622      6C6500
 623              	.LASF15:
 624 0159 53746174 		.ascii	"Status_Reg_1_InterruptEnable\000"
 624      75735F52 
 624      65675F31 
 624      5F496E74 
 624      65727275 
 625              	.LASF0:
 626 0176 7369676E 		.ascii	"signed char\000"
 626      65642063 
 626      68617200 
 627              	.LASF23:
 628 0182 433A5C55 		.ascii	"C:\\Users\\Administrator\\Desktop\\BLE_TemplateProj"
 628      73657273 
 628      5C41646D 
 628      696E6973 
 628      74726174 
 629 01b1 6563745C 		.ascii	"ect\\Bluetooth-intelligent-switchV2.0.0\\Smart Swit"
 629      426C7565 
 629      746F6F74 
 629      682D696E 
 629      74656C6C 
 630 01e2 63682E63 		.ascii	"ch.cydsn\000"
 630      7964736E 
 630      00
 631              	.LASF9:
 632 01eb 666C6F61 		.ascii	"float\000"
 632      7400
 633              	.LASF18:
 634 01f1 53746174 		.ascii	"Status_Reg_1_WriteMask\000"
 634      75735F52 
 634      65675F31 
 634      5F577269 
 634      74654D61 
 635              	.LASF2:
 636 0208 73686F72 		.ascii	"short int\000"
 636      7420696E 
 636      7400
 637              	.LASF13:
 638 0212 72656738 		.ascii	"reg8\000"
 638      00
 639              	.LASF14:
 640 0217 73697A65 		.ascii	"sizetype\000"
 640      74797065 
 640      00
 641              	.LASF17:
 642 0220 696E7465 		.ascii	"interruptState\000"
 642      72727570 
 642      74537461 
 642      746500
ARM GAS  C:\Users\ADMINI~1\AppData\Local\Temp\ccYz820e.s 			page 16


 643              	.LASF22:
 644 022f 2E5C4765 		.ascii	".\\Generated_Source\\PSoC4\\Status_Reg_1.c\000"
 644      6E657261 
 644      7465645F 
 644      536F7572 
 644      63655C50 
 645              		.ident	"GCC: (GNU Tools for ARM Embedded Processors) 4.9.3 20150303 (release) [ARM/embedded-4_9-br
